[2K[GUsing file: exportState
[2K[GConnected to wallet at address: UQAHJC-8Mv1xzSEGmDUNde0IqgPJy9JABNtmC_aPP8L9T7Wj
[2K[GReading EQBbOI_xmmkRxsXoutCIlE9JRZsioapGUIwQd88fztMm7-zO
   via https://mainnet-v4.tonhubapi.com pinned at block 89623837

106 users to export

   [1/106] EQCNIitNi39O…  level 4  1 stake(s)  4 downline(s)
   [2/106] EQAHJC-8Mv1x…  level 1  0 stake(s)  0 downline(s)
   [3/106] EQDh7i8s3-wU…  level 1  0 stake(s)  0 downline(s)
   [4/106] EQDD261jp14U…  level 1  0 stake(s)  0 downline(s)
   [5/106] EQATPRlTWLzS…  level 3  0 stake(s)  4 downline(s)
   [6/106] EQA6yb2qjjsq…  level 3  0 stake(s)  0 downline(s)
   [7/106] EQCFUVMk82Ex…  level 4  0 stake(s)  2 downline(s)
   [8/106] EQDKor5NmTJu…  level 3  0 stake(s)  1 downline(s)
   [9/106] EQC8avSvmAIO…  level 1  0 stake(s)  0 downline(s)
   [10/106] EQD6vQjuF0C7…  level 4  1 stake(s)  1 downline(s)
   [11/106] EQAZebfJaHBs…  level 6  0 stake(s)  6 downline(s)
   [12/106] EQBUKZqn9mKB…  level 3  0 stake(s)  0 downline(s)
   [13/106] EQCCQb_lLKzi…  level 4  0 stake(s)  3 downline(s)
   [14/106] EQAvI2e9HLcj…  level 10  0 stake(s)  1 downline(s)
   [15/106] EQBULFU2gW-t…  level 10  0 stake(s)  0 downline(s)
   [16/106] EQDSmkiKwHDF…  level 1  0 stake(s)  0 downline(s)
   [17/106] EQCtvIAOrseP…  level 4  0 stake(s)  0 downline(s)
   [18/106] EQD-fVlbOZwT…  level 3  0 stake(s)  1 downline(s)
   [19/106] EQAJCP_cPNFa…  level 1  0 stake(s)  0 downline(s)
   [20/106] EQDey4VdYJTg…  level 1  0 stake(s)  0 downline(s)
   [21/106] EQAvg02oVI7Y…  level 4  0 stake(s)  1 downline(s)
   [22/106] EQAsbZfFZZn9…  level 1  0 stake(s)  0 downline(s)
   [23/106] EQDIs1V8nuZz…  level 4  0 stake(s)  0 downline(s)
   [24/106] EQA-wNw_EZAa…  level 1  0 stake(s)  0 downline(s)
   [25/106] EQAKYz17TUEl…  level 4  0 stake(s)  0 downline(s)
   [26/106] EQD2O3nenIMP…  level 4  0 stake(s)  1 downline(s)
   [27/106] EQC-ZTqVI5Ar…  level 2  0 stake(s)  0 downline(s)
   [28/106] EQAebn7FKwK5…  level 1  0 stake(s)  0 downline(s)
   [29/106] EQDgQ9X9o5ec…  level 4  0 stake(s)  0 downline(s)
   [30/106] EQC-4Bl3qyI5…  level 1  0 stake(s)  0 downline(s)
   [31/106] EQAo7qrtz1nC…  level 3  0 stake(s)  0 downline(s)
   [32/106] EQCsh9Vx9jvw…  level 4  0 stake(s)  6 downline(s)
   [33/106] EQDmFPsR8wKU…  level 5  1 stake(s)  6 downline(s)
   [34/106] EQBmko5ErrLH…  level 1  0 stake(s)  3 downline(s)
   [35/106] EQCfUnVy6ZMZ…  level 1  0 stake(s)  1 downline(s)
   [36/106] EQCPzdGvdGX0…  level 1  0 stake(s)  3 downline(s)
   [37/106] EQDsCfNsSKss…  level 4  0 stake(s)  3 downline(s)
   [38/106] EQB4dWUkiMA8…  level 1  0 stake(s)  3 downline(s)
   [39/106] EQC5KtpgB_yP…  level 1  0 stake(s)  5 downline(s)
   [40/106] EQAFIx--ZCnl…  level 1  0 stake(s)  2 downline(s)
   [41/106] EQA4YvxVOn2n…  level 2  0 stake(s)  2 downline(s)
   [42/106] EQB1lJF9Nast…  level 1  0 stake(s)  1 downline(s)
   [43/106] EQB5ZCUKdZ68…  level 4  1 stake(s)  6 downline(s)
   [44/106] EQCpVgn77oF8…  level 4  1 stake(s)  1 downline(s)
   [45/106] EQD15ni5nZIs…  level 1  0 stake(s)  0 downline(s)
   [46/106] EQAPaQLLwtTv…  level 4  1 stake(s)  0 downline(s)
   [47/106] EQABXPI5D3IR…  level 4  1 stake(s)  0 downline(s)
   [48/106] EQCk1gMZVV2e…  level 4  0 stake(s)  1 downline(s)
   [49/106] EQCfTxPY_99g…  level 2  0 stake(s)  2 downline(s)
   [50/106] EQDIfrRfP560…  level 1  0 stake(s)  0 downline(s)
   [51/106] EQAvL64eGUuo…  level 1  0 stake(s)  0 downline(s)
   [52/106] EQBBCE3Ix06N…  level 1  0 stake(s)  0 downline(s)
   [53/106] EQCsEkiCU3Vt…  level 2  0 stake(s)  1 downline(s)
   [54/106] EQDJ_m41MgJi…  level 2  0 stake(s)  0 downline(s)
   [55/106] EQAC5fKVP0na…  level 1  0 stake(s)  1 downline(s)
   [56/106] EQD4IPvZLHec…  level 1  0 stake(s)  0 downline(s)
   [57/106] EQD0tvnC3VZ2…  level 8  0 stake(s)  0 downline(s)
   [58/106] EQAJnc8oAfNw…  level 1  0 stake(s)  1 downline(s)
   [59/106] EQBETkuf1P5e…  level 4  1 stake(s)  0 downline(s)
   [60/106] EQBMOo60w4Rj…  level 1  0 stake(s)  1 downline(s)
   [61/106] EQAdp6l2Q5-b…  level 1  0 stake(s)  0 downline(s)
   [62/106] EQCn3cHkZNIn…  level 1  0 stake(s)  0 downline(s)
   [63/106] EQBBFuU9sh0r…  level 4  0 stake(s)  0 downline(s)
   [64/106] EQDHRN2mUulw…  level 1  0 stake(s)  0 downline(s)
   [65/106] EQAldF-mZ1dC…  level 4  0 stake(s)  0 downline(s)
   [66/106] EQB53l83H6k2…  level 1  0 stake(s)  0 downline(s)
   [67/106] EQDBiFr3Hfyk…  level 1  0 stake(s)  0 downline(s)
   [68/106] EQDfwUWGT42W…  level 1  0 stake(s)  0 downline(s)
   [69/106] EQAnDnBxLcZa…  level 1  0 stake(s)  0 downline(s)
   [70/106] EQBDQ7U7FQjv…  level 1  0 stake(s)  0 downline(s)
   [71/106] EQB9OcGwkL-B…  level 1  0 stake(s)  0 downline(s)
   [72/106] EQDm5UepwhwX…  level 2  0 stake(s)  0 downline(s)
   [73/106] EQA1DSi0IoT7…  level 1  0 stake(s)  6 downline(s)
   [74/106] EQB-5IDt3FUP…  level 1  0 stake(s)  0 downline(s)
   [75/106] EQA-N5RLKtk-…  level 1  0 stake(s)  0 downline(s)
   [76/106] EQA02SjW0amm…  level 1  0 stake(s)  0 downline(s)
   [77/106] EQBNSLoJL6DO…  level 3  0 stake(s)  2 downline(s)
   [78/106] EQByzwRJLxOH…  level 1  0 stake(s)  0 downline(s)
   [79/106] EQC4EGipSdi0…  level 1  0 stake(s)  1 downline(s)
   [80/106] EQB_I8Qv-RQ1…  level 10  2 stake(s)  0 downline(s)
   [81/106] EQCYfIrNJh6j…  level 1  0 stake(s)  1 downline(s)
   [82/106] EQDVv7eHWHcX…  level 1  0 stake(s)  1 downline(s)
   [83/106] EQD7eNOALwAG…  level 1  0 stake(s)  1 downline(s)
   [84/106] EQAAqcUZYeLw…  level 4  0 stake(s)  0 downline(s)
   [85/106] EQC5ViYSE27I…  level 1  0 stake(s)  1 downline(s)
   [86/106] EQB-YH_qNRx9…  level 1  0 stake(s)  0 downline(s)
   [87/106] EQAIkB9ylvuV…  level 4  0 stake(s)  0 downline(s)
   [88/106] EQCZtz99ntog…  level 1  0 stake(s)  0 downline(s)
   [89/106] EQAYoFGivRuf…  level 1  0 stake(s)  0 downline(s)
   [90/106] EQChR-T8UdYK…  level 2  0 stake(s)  0 downline(s)
   getUserAddressByIndex(90) failed (timeout of 5000ms exceeded); retrying in 2s
   [91/106] EQDb8WKf82f3…  level 1  0 stake(s)  0 downline(s)
   [92/106] EQDsncp35a2V…  level 1  0 stake(s)  0 downline(s)
   [93/106] EQAxeXAkrW8r…  level 2  0 stake(s)  0 downline(s)
   [94/106] EQBBLmFNcrWv…  level 1  0 stake(s)  0 downline(s)
   [95/106] EQDV3xVajfS2…  level 1  0 stake(s)  0 downline(s)
   [96/106] EQANLXpwgDMr…  level 4  0 stake(s)  0 downline(s)
   [97/106] EQAfOXos8i2Q…  level 1  0 stake(s)  0 downline(s)
   [98/106] EQCDH4Gzel1c…  level 1  0 stake(s)  0 downline(s)
   [99/106] EQA8UUdA1KxQ…  level 8  0 stake(s)  0 downline(s)
   [100/106] EQAquqNpd0zy…  level 1  0 stake(s)  0 downline(s)
   [101/106] EQCOft0s8IWe…  level 4  1 stake(s)  0 downline(s)
   [102/106] EQB6aj2DY-vm…  level 1  0 stake(s)  0 downline(s)
   [103/106] EQCMsyrWmLFF…  level 1  0 stake(s)  0 downline(s)
   [104/106] EQCNkzFn-AA1…  level 2  0 stake(s)  0 downline(s)
   [105/106] EQDGvgkcjEhx…  level 1  0 stake(s)  0 downline(s)
   [106/106] EQDrHwSaW1-N…  level 1  0 stake(s)  0 downline(s)

Wrote migration-snapshot.json
   users:                       106
   with stakes:                 10
   active staked TON (summed):  222.4
   contract totalStakedTon:     222.4
   unclaimed check-in rewards:  2.4 TON
