[2K[GUsing file: importState
[2K[GConnected to wallet at address: 0QAyM6U-SrI3mL6W48zQaQN4tS2vZeXqICM5SmNzuyJPkPH2
[2K[GImporting into EQBcOWdhOLCipauoInelF2w9Fd1bROOgnXTLAh8_a3Alh9Jx on testnet
   snapshot from EQBbOI_xmmkRxsXoutCIlE9JRZsioapGUIwQd88fztMm7-zO at block 89557800
   105 users, 86 downline links, 10 stakes
   already done: 0 / 0 / 0

[2K[GSent transaction
   user 1/105  EQCNIitNi39O…
[2K[GSent transaction
   user 2/105  EQAHJC-8Mv1x…
[2K[GSent transaction
   user 3/105  EQDh7i8s3-wU…
[2K[GSent transaction
   user 4/105  EQDD261jp14U…
[2K[GSent transaction
   user 5/105  EQATPRlTWLzS…
[2K[GSent transaction
   user 6/105  EQA6yb2qjjsq…
[2K[GSent transaction
   user 7/105  EQCFUVMk82Ex…
[2K[GSent transaction
   user 8/105  EQDKor5NmTJu…
[2K[GSent transaction
   user 9/105  EQC8avSvmAIO…
[2K[GSent transaction
   user 10/105  EQD6vQjuF0C7…
[2K[GSent transaction
   user 11/105  EQAZebfJaHBs…
[2K[GSent transaction
   user 12/105  EQBUKZqn9mKB…
[2K[GSent transaction
   user 13/105  EQCCQb_lLKzi…
[2K[GSent transaction
   user 14/105  EQAvI2e9HLcj…
[2K[GSent transaction
   user 15/105  EQBULFU2gW-t…
[2K[GSent transaction
   user 16/105  EQDSmkiKwHDF…
[2K[GSent transaction
   user 17/105  EQCtvIAOrseP…
[2K[GSent transaction
   user 18/105  EQD-fVlbOZwT…
[2K[GSent transaction
   user 19/105  EQAJCP_cPNFa…
[2K[GSent transaction
   user 20/105  EQDey4VdYJTg…
[2K[GSent transaction
   user 21/105  EQAvg02oVI7Y…
[2K[GSent transaction
   user 22/105  EQAsbZfFZZn9…
[2K[GSent transaction
   user 23/105  EQDIs1V8nuZz…
[2K[GSent transaction
   user 24/105  EQA-wNw_EZAa…
[2K[GSent transaction
   user 25/105  EQAKYz17TUEl…
[2K[GSent transaction
   user 26/105  EQD2O3nenIMP…
[2K[GSent transaction
   user 27/105  EQC-ZTqVI5Ar…
[2K[GSent transaction
   user 28/105  EQAebn7FKwK5…
[2K[GSent transaction
   user 29/105  EQDgQ9X9o5ec…
[2K[GSent transaction
   user 30/105  EQC-4Bl3qyI5…
[2K[GSent transaction
   user 31/105  EQAo7qrtz1nC…
[2K[GSent transaction
   user 32/105  EQCsh9Vx9jvw…
[2K[GSent transaction
   user 33/105  EQDmFPsR8wKU…
[2K[GSent transaction
   user 34/105  EQBmko5ErrLH…
[2K[GSent transaction
   user 35/105  EQCfUnVy6ZMZ…
[2K[GSent transaction
   user 36/105  EQCPzdGvdGX0…
[2K[GSent transaction
   user 37/105  EQDsCfNsSKss…
[2K[GSent transaction
   user 38/105  EQB4dWUkiMA8…
[2K[GSent transaction
   user 39/105  EQC5KtpgB_yP…
[2K[GSent transaction
   user 40/105  EQAFIx--ZCnl…
[2K[GSent transaction
   user 41/105  EQA4YvxVOn2n…
[2K[GSent transaction
   user 42/105  EQB1lJF9Nast…
[2K[GSent transaction
   user 43/105  EQB5ZCUKdZ68…
[2K[GSent transaction
   user 44/105  EQCpVgn77oF8…
[2K[GSent transaction
   user 45/105  EQD15ni5nZIs…
[2K[GSent transaction
   user 46/105  EQAPaQLLwtTv…
[2K[GSent transaction
   user 47/105  EQABXPI5D3IR…
[2K[GSent transaction
   user 48/105  EQCk1gMZVV2e…
[2K[GSent transaction
   user 49/105  EQCfTxPY_99g…
[2K[GSent transaction
   user 50/105  EQDIfrRfP560…
[2K[GSent transaction
   user 51/105  EQAvL64eGUuo…
[2K[GSent transaction
   user 52/105  EQBBCE3Ix06N…
[2K[GSent transaction
   user 53/105  EQCsEkiCU3Vt…
[2K[GSent transaction
   user 54/105  EQDJ_m41MgJi…
[2K[GSent transaction
   user 55/105  EQAC5fKVP0na…
[2K[GSent transaction
   user 56/105  EQD4IPvZLHec…
[2K[GSent transaction
   user 57/105  EQD0tvnC3VZ2…
[2K[GSent transaction
   user 58/105  EQAJnc8oAfNw…
[2K[GSent transaction
   user 59/105  EQBETkuf1P5e…
[2K[GSent transaction
   user 60/105  EQBMOo60w4Rj…
[2K[GSent transaction
   user 61/105  EQAdp6l2Q5-b…
[2K[GSent transaction
   user 62/105  EQCn3cHkZNIn…
[2K[GSent transaction
   user 63/105  EQBBFuU9sh0r…
[2K[GSent transaction
   user 64/105  EQDHRN2mUulw…
[2K[GSent transaction
   user 65/105  EQAldF-mZ1dC…
[2K[GSent transaction
   user 66/105  EQB53l83H6k2…
[2K[GSent transaction
   user 67/105  EQDBiFr3Hfyk…
[2K[GSent transaction
   user 68/105  EQDfwUWGT42W…
[2K[GSent transaction
   user 69/105  EQAnDnBxLcZa…
[2K[GSent transaction
   user 70/105  EQBDQ7U7FQjv…
[2K[GSent transaction
   user 71/105  EQB9OcGwkL-B…
[2K[GSent transaction
   user 72/105  EQDm5UepwhwX…
[2K[GSent transaction
   user 73/105  EQA1DSi0IoT7…
[2K[GSent transaction
   user 74/105  EQB-5IDt3FUP…
[2K[GSent transaction
   user 75/105  EQA-N5RLKtk-…
[2K[GSent transaction
   user 76/105  EQA02SjW0amm…
[2K[GSent transaction
   user 77/105  EQBNSLoJL6DO…
[2K[GSent transaction
   user 78/105  EQByzwRJLxOH…
[2K[GSent transaction
   user 79/105  EQC4EGipSdi0…
[2K[GSent transaction
   user 80/105  EQB_I8Qv-RQ1…
[2K[GSent transaction
   user 81/105  EQCYfIrNJh6j…
[2K[GSent transaction
   user 82/105  EQDVv7eHWHcX…
[2K[GSent transaction
   user 83/105  EQD7eNOALwAG…
[2K[GSent transaction
   user 84/105  EQAAqcUZYeLw…
[2K[GSent transaction
   user 85/105  EQC5ViYSE27I…
[2K[GSent transaction
   user 86/105  EQB-YH_qNRx9…
[2K[GSent transaction
   user 87/105  EQAIkB9ylvuV…
[2K[GSent transaction
   user 88/105  EQCZtz99ntog…
[2K[GSent transaction
   user 89/105  EQAYoFGivRuf…
[2K[GSent transaction
   user 90/105  EQChR-T8UdYK…
[2K[GSent transaction
   user 91/105  EQDb8WKf82f3…
[2K[GSent transaction
   user 92/105  EQDsncp35a2V…
[2K[GSent transaction
   user 93/105  EQAxeXAkrW8r…
[2K[GSent transaction
   user 94/105  EQBBLmFNcrWv…
[2K[GSent transaction
   user 95/105  EQDV3xVajfS2…
[2K[GSent transaction
   user 96/105  EQANLXpwgDMr…
[2K[GSent transaction
   user 97/105  EQAfOXos8i2Q…
[2K[GSent transaction
   user 98/105  EQCDH4Gzel1c…
[2K[GSent transaction
   user 99/105  EQA8UUdA1KxQ…
[2K[GSent transaction
   user 100/105  EQAquqNpd0zy…
[2K[GSent transaction
   user 101/105  EQCOft0s8IWe…
[2K[GSent transaction
   user 102/105  EQB6aj2DY-vm…
[2K[GSent transaction
   user 103/105  EQCMsyrWmLFF…
[2K[GSent transaction
   user 104/105  EQCNkzFn-AA1…
[2K[GSent transaction
   user 105/105  EQDGvgkcjEhx…
[2K[GSent transaction
   downline 1/86  EQCNIitNi3…[1]
[2K[GSent transaction
   downline 2/86  EQCNIitNi3…[2]
[2K[GSent transaction
   downline 3/86  EQCNIitNi3…[3]
[2K[GSent transaction
   downline 4/86  EQCNIitNi3…[4]
[2K[GSent transaction
   downline 5/86  EQATPRlTWL…[1]
[2K[GSent transaction
   downline 6/86  EQATPRlTWL…[2]
[2K[GSent transaction
   downline 7/86  EQATPRlTWL…[3]
[2K[GSent transaction
   downline 8/86  EQATPRlTWL…[4]
[2K[GSent transaction
   downline 9/86  EQCFUVMk82…[1]
[2K[GSent transaction
   downline 10/86  EQCFUVMk82…[2]
[2K[GSent transaction
   downline 11/86  EQDKor5NmT…[1]
[2K[GSent transaction
   downline 12/86  EQD6vQjuF0…[1]
[2K[GSent transaction
   downline 13/86  EQAZebfJaH…[1]
[2K[GSent transaction
   downline 14/86  EQAZebfJaH…[2]
[2K[GSent transaction
   downline 15/86  EQAZebfJaH…[3]
[2K[GSent transaction
   downline 16/86  EQAZebfJaH…[4]
[2K[GSent transaction
   downline 17/86  EQAZebfJaH…[5]
[2K[GSent transaction
   downline 18/86  EQAZebfJaH…[6]
[2K[GSent transaction
   downline 19/86  EQCCQb_lLK…[1]
[2K[GSent transaction
   downline 20/86  EQCCQb_lLK…[2]
[2K[GSent transaction
   downline 21/86  EQCCQb_lLK…[3]
